\BOOKMARK [1][-]{section.1}{\376\377\000I\000n\000t\000r\000o\000d\000u\000c\000t\000i\000o\000n}{}% 1
\BOOKMARK [1][-]{section.2}{\376\377\000A\000n\000a\000l\000y\000t\000i\000c\000a\000l\000\040\000M\000o\000d\000e\000l\000l\000i\000n\000g\000\040\000-\000\040\000Q\0001}{}% 2
\BOOKMARK [2][-]{subsection.2.1}{\376\377\000A\000s\000s\000u\000m\000p\000t\000i\000o\000n\000s}{section.2}% 3
\BOOKMARK [2][-]{subsection.2.2}{\376\377\000R\000e\000l\000u\000c\000t\000a\000n\000c\000e\000\040\000a\000n\000d\000\040\000I\000n\000d\000u\000c\000t\000a\000n\000c\000e\000\040\000A\000n\000a\000l\000y\000s\000i\000s\000\040\000-\000\040\000P\000a\000r\000t\000\040\000\050\000a\000\051}{section.2}% 4
\BOOKMARK [3][-]{subsubsection.2.2.1}{\376\377\000I\000n\000d\000u\000c\000t\000a\000n\000c\000e\000\040\000a\000s\000\040\000a\000\040\000F\000u\000n\000c\000t\000i\000o\000n\000\040\000o\000f\000\040\000R\000o\000t\000o\000r\000\040\000P\000o\000s\000i\000t\000i\000o\000n}{subsection.2.2}% 5
\BOOKMARK [3][-]{subsubsection.2.2.2}{\376\377\000N\000u\000m\000e\000r\000i\000c\000a\000l\000\040\000R\000e\000s\000u\000l\000t\000s\000\040\000S\000u\000m\000m\000a\000r\000y}{subsection.2.2}% 6
\BOOKMARK [2][-]{subsection.2.3}{\376\377\000T\000o\000r\000q\000u\000e\000\040\000u\000n\000d\000e\000r\000\040\000C\000o\000n\000s\000t\000a\000n\000t\000\040\000D\000C\000\040\000E\000x\000c\000i\000t\000a\000t\000i\000o\000n\000\040\000-\000\040\000P\000a\000r\000t\000\040\000\050\000b\000\051}{section.2}% 7
\BOOKMARK [3][-]{subsubsection.2.3.1}{\376\377\000T\000o\000r\000q\000u\000e\000\040\000D\000e\000r\000i\000v\000a\000t\000i\000o\000n}{subsection.2.3}% 8
\BOOKMARK [3][-]{subsubsection.2.3.2}{\376\377\000T\000o\000r\000q\000u\000e\000\040\000a\000s\000\040\000a\000\040\000F\000u\000n\000c\000t\000i\000o\000n\000\040\000o\000f\000\040\000R\000o\000t\000o\000r\000\040\000P\000o\000s\000i\000t\000i\000o\000n}{subsection.2.3}% 9
\BOOKMARK [3][-]{subsubsection.2.3.3}{\376\377\000R\000e\000s\000u\000l\000t\000s\000\040\000S\000u\000m\000m\000a\000r\000y}{subsection.2.3}% 10
\BOOKMARK [2][-]{subsection.2.4}{\376\377\000N\000o\000n\000-\000L\000i\000n\000e\000a\000r\000\040\000E\000f\000f\000e\000c\000t\000s\000\040\000a\000n\000d\000\040\000M\000o\000d\000e\000l\000\040\000I\000m\000p\000r\000o\000v\000e\000m\000e\000n\000t\000s\000\040\000-\000\040\000P\000a\000r\000t\000\040\000\050\000c\000\051}{section.2}% 11
\BOOKMARK [3][-]{subsubsection.2.4.1}{\376\377\000F\000r\000i\000n\000g\000i\000n\000g\000\040\000F\000l\000u\000x}{subsection.2.4}% 12
\BOOKMARK [3][-]{subsubsection.2.4.2}{\376\377\000N\000o\000n\000-\000H\000o\000m\000o\000g\000e\000n\000e\000o\000u\000s\000\040\000F\000l\000u\000x\000\040\000D\000i\000s\000t\000r\000i\000b\000u\000t\000i\000o\000n}{subsection.2.4}% 13
\BOOKMARK [3][-]{subsubsection.2.4.3}{\376\377\000S\000a\000t\000u\000r\000a\000t\000i\000o\000n\000\040\000a\000n\000d\000\040\000N\000o\000n\000-\000L\000i\000n\000e\000a\000r\000\040\000P\000e\000r\000m\000e\000a\000b\000i\000l\000i\000t\000y}{subsection.2.4}% 14
\BOOKMARK [1][-]{section.3}{\376\377\000Q\0002\000\040\040\023\000\040\000F\000E\000A\000\040\000M\000o\000d\000e\000l\000l\000i\000n\000g\000\040\000\050\0002\000D\000,\000\040\000L\000i\000n\000e\000a\000r\000\040\000M\000a\000t\000e\000r\000i\000a\000l\000s\000\051}{}% 15
\BOOKMARK [2][-]{subsection.3.1}{\376\377\000S\000o\000f\000t\000w\000a\000r\000e\000\040\000a\000n\000d\000\040\000S\000e\000t\000u\000p}{section.3}% 16
\BOOKMARK [2][-]{subsection.3.2}{\376\377\000P\000a\000r\000t\000\040\000\050\000a\000\051\000\040\040\023\000\040\000F\000l\000u\000x\000\040\000D\000e\000n\000s\000i\000t\000y\000\040\000V\000e\000c\000t\000o\000r\000s\000\040\000\050\0000\000\260\000,\000\040\0004\0005\000\260\000,\000\040\0009\0000\000\260\000\051}{section.3}% 17
\BOOKMARK [2][-]{subsection.3.3}{\376\377\000P\000a\000r\000t\000\040\000\050\000b\000\051\000\040\040\023\000\040\000I\000n\000d\000u\000c\000t\000a\000n\000c\000e\000\040\000a\000n\000d\000\040\000S\000t\000o\000r\000e\000d\000\040\000E\000n\000e\000r\000g\000y}{section.3}% 18
\BOOKMARK [2][-]{subsection.3.4}{\376\377\000P\000a\000r\000t\000\040\000\050\000c\000\051\000\040\040\023\000\040\000T\000o\000r\000q\000u\000e\000\040\000v\000s\000.\000\040\000R\000o\000t\000o\000r\000\040\000A\000n\000g\000l\000e\000:\000\040\000C\000o\000m\000p\000a\000r\000i\000s\000o\000n\000\040\000w\000i\000t\000h\000\040\000A\000n\000a\000l\000y\000t\000i\000c\000a\000l\000\040\000M\000o\000d\000e\000l}{section.3}% 19
\BOOKMARK [1][-]{section.4}{\376\377\000Q\0003\000\040\040\023\000\040\000F\000E\000A\000\040\000M\000o\000d\000e\000l\000l\000i\000n\000g\000\040\000\050\0002\000D\000,\000\040\000N\000o\000n\000-\000L\000i\000n\000e\000a\000r\000\040\000M\000a\000t\000e\000r\000i\000a\000l\000s\000\051}{}% 20
\BOOKMARK [2][-]{subsection.4.1}{\376\377\000P\000a\000r\000t\000s\000\040\000\050\000a\000,\000\040\000b\000,\000\040\000c\000\051\000\040\040\023\000\040\000F\000l\000u\000x\000\040\000D\000e\000n\000s\000i\000t\000y\000,\000\040\000I\000n\000d\000u\000c\000t\000a\000n\000c\000e\000,\000\040\000S\000t\000o\000r\000e\000d\000\040\000E\000n\000e\000r\000g\000y\000,\000\040\000T\000o\000r\000q\000u\000e}{section.4}% 21
\BOOKMARK [2][-]{subsection.4.2}{\376\377\000P\000a\000r\000t\000\040\000\050\000d\000\051\000\040\040\023\000\040\000C\000o\000m\000p\000a\000r\000i\000s\000o\000n\000:\000\040\000L\000i\000n\000e\000a\000r\000\040\000v\000s\000.\000\040\000N\000o\000n\000-\000L\000i\000n\000e\000a\000r\000,\000\040\000F\000r\000i\000n\000g\000i\000n\000g\000\040\000a\000n\000d\000\040\000S\000a\000t\000u\000r\000a\000t\000i\000o\000n\000\040\000E\000f\000f\000e\000c\000t\000s}{section.4}% 22
\BOOKMARK [1][-]{section.5}{\376\377\000Q\0004\000\040\040\023\000\040\000C\000o\000n\000t\000r\000o\000l\000\040\000M\000e\000t\000h\000o\000d\000\040\000f\000o\000r\000\040\000C\000o\000n\000t\000i\000n\000u\000o\000u\000s\000\040\000R\000o\000t\000a\000t\000i\000o\000n}{}% 23
\BOOKMARK [1][-]{section.6}{\376\377\000C\000o\000n\000c\000l\000u\000s\000i\000o\000n}{}% 24
\BOOKMARK [1][-]{appendix.A}{\376\377\000M\000a\000t\000e\000r\000i\000a\000l\000\040\000P\000r\000o\000p\000e\000r\000t\000i\000e\000s}{}% 25
\BOOKMARK [1][-]{appendix.B}{\376\377\000M\000A\000T\000L\000A\000B\000\040\000S\000o\000u\000r\000c\000e\000\040\000C\000o\000d\000e}{}% 26
